// Jest Snapshot v1, https://goo.gl/fbAQLP

exports[`SchemaRender_should_render_null 1`] = `<div />`;
