// Jest Snapshot v1, https://goo.gl/fbAQLP

exports[`node_path_match_expect_value 1`] = `
<div>
  <div
    data-path="root"
  >
    <div
      data-path="root/level-1"
    >
      <div
        data-path="root/level-1/level-3"
      >
        <div
          data-path="ROOT/root/level-1/level-2/loop-container/0/level-3"
          id="first-loop-a"
        >
          <div
            data-path="ROOT/root/level-1/level-2/loop-container/0/level-3/sub-loop-container/0/level-4"
            id="second-loop-a"
          />
          <div
            data-path="ROOT/root/level-1/level-2/loop-container/0/level-3/sub-loop-container/1/level-4"
            id="second-loop-b"
          />
          <div
            data-path="ROOT/root/level-1/level-2/loop-container/0/level-3/sub-loop-container/2/level-4"
            id="second-loop-c"
          />
          <div
            data-path="ROOT/root/level-1/level-2/loop-container/0/level-3/sub-loop-container/3/level-4"
            id="second-loop-d"
          />
          <div
            data-path="ROOT/root/level-1/level-2/loop-container/0/level-3/sub-loop-container/4/level-4"
            id="second-loop-e"
          />
          <div
            data-path="ROOT/root/level-1/level-2/loop-container/0/level-3/sub-loop-container/5/level-4"
            id="second-loop-f"
          />
          <div
            data-path="ROOT/root/level-1/level-2/loop-container/0/level-3/sub-loop-container/6/level-4"
            id="second-loop-g"
          />
        </div>
        <div
          data-path="ROOT/root/level-1/level-2/loop-container/1/level-3"
          id="first-loop-b"
        >
          <div
            data-path="ROOT/root/level-1/level-2/loop-container/1/level-3/sub-loop-container/0/level-4"
            id="second-loop-a"
          />
          <div
            data-path="ROOT/root/level-1/level-2/loop-container/1/level-3/sub-loop-container/1/level-4"
            id="second-loop-b"
          />
          <div
            data-path="ROOT/root/level-1/level-2/loop-container/1/level-3/sub-loop-container/2/level-4"
            id="second-loop-c"
          />
          <div
            data-path="ROOT/root/level-1/level-2/loop-container/1/level-3/sub-loop-container/3/level-4"
            id="second-loop-d"
          />
          <div
            data-path="ROOT/root/level-1/level-2/loop-container/1/level-3/sub-loop-container/4/level-4"
            id="second-loop-e"
          />
          <div
            data-path="ROOT/root/level-1/level-2/loop-container/1/level-3/sub-loop-container/5/level-4"
            id="second-loop-f"
          />
          <div
            data-path="ROOT/root/level-1/level-2/loop-container/1/level-3/sub-loop-container/6/level-4"
            id="second-loop-g"
          />
        </div>
        <div
          data-path="ROOT/root/level-1/level-2/loop-container/2/level-3"
          id="first-loop-c"
        >
          <div
            data-path="ROOT/root/level-1/level-2/loop-container/2/level-3/sub-loop-container/0/level-4"
            id="second-loop-a"
          />
          <div
            data-path="ROOT/root/level-1/level-2/loop-container/2/level-3/sub-loop-container/1/level-4"
            id="second-loop-b"
          />
          <div
            data-path="ROOT/root/level-1/level-2/loop-container/2/level-3/sub-loop-container/2/level-4"
            id="second-loop-c"
          />
          <div
            data-path="ROOT/root/level-1/level-2/loop-container/2/level-3/sub-loop-container/3/level-4"
            id="second-loop-d"
          />
          <div
            data-path="ROOT/root/level-1/level-2/loop-container/2/level-3/sub-loop-container/4/level-4"
            id="second-loop-e"
          />
          <div
            data-path="ROOT/root/level-1/level-2/loop-container/2/level-3/sub-loop-container/5/level-4"
            id="second-loop-f"
          />
          <div
            data-path="ROOT/root/level-1/level-2/loop-container/2/level-3/sub-loop-container/6/level-4"
            id="second-loop-g"
          />
        </div>
        <div
          data-path="ROOT/root/level-1/level-2/loop-container/3/level-3"
          id="first-loop-d"
        >
          <div
            data-path="ROOT/root/level-1/level-2/loop-container/3/level-3/sub-loop-container/0/level-4"
            id="second-loop-a"
          />
          <div
            data-path="ROOT/root/level-1/level-2/loop-container/3/level-3/sub-loop-container/1/level-4"
            id="second-loop-b"
          />
          <div
            data-path="ROOT/root/level-1/level-2/loop-container/3/level-3/sub-loop-container/2/level-4"
            id="second-loop-c"
          />
          <div
            data-path="ROOT/root/level-1/level-2/loop-container/3/level-3/sub-loop-container/3/level-4"
            id="second-loop-d"
          />
          <div
            data-path="ROOT/root/level-1/level-2/loop-container/3/level-3/sub-loop-container/4/level-4"
            id="second-loop-e"
          />
          <div
            data-path="ROOT/root/level-1/level-2/loop-container/3/level-3/sub-loop-container/5/level-4"
            id="second-loop-f"
          />
          <div
            data-path="ROOT/root/level-1/level-2/loop-container/3/level-3/sub-loop-container/6/level-4"
            id="second-loop-g"
          />
        </div>
        <div
          data-path="ROOT/root/level-1/level-2/loop-container/4/level-3"
          id="first-loop-e"
        >
          <div
            data-path="ROOT/root/level-1/level-2/loop-container/4/level-3/sub-loop-container/0/level-4"
            id="second-loop-a"
          />
          <div
            data-path="ROOT/root/level-1/level-2/loop-container/4/level-3/sub-loop-container/1/level-4"
            id="second-loop-b"
          />
          <div
            data-path="ROOT/root/level-1/level-2/loop-container/4/level-3/sub-loop-container/2/level-4"
            id="second-loop-c"
          />
          <div
            data-path="ROOT/root/level-1/level-2/loop-container/4/level-3/sub-loop-container/3/level-4"
            id="second-loop-d"
          />
          <div
            data-path="ROOT/root/level-1/level-2/loop-container/4/level-3/sub-loop-container/4/level-4"
            id="second-loop-e"
          />
          <div
            data-path="ROOT/root/level-1/level-2/loop-container/4/level-3/sub-loop-container/5/level-4"
            id="second-loop-f"
          />
          <div
            data-path="ROOT/root/level-1/level-2/loop-container/4/level-3/sub-loop-container/6/level-4"
            id="second-loop-g"
          />
        </div>
        <div
          data-path="ROOT/root/level-1/level-2/loop-container/5/level-3"
          id="first-loop-f"
        >
          <div
            data-path="ROOT/root/level-1/level-2/loop-container/5/level-3/sub-loop-container/0/level-4"
            id="second-loop-a"
          />
          <div
            data-path="ROOT/root/level-1/level-2/loop-container/5/level-3/sub-loop-container/1/level-4"
            id="second-loop-b"
          />
          <div
            data-path="ROOT/root/level-1/level-2/loop-container/5/level-3/sub-loop-container/2/level-4"
            id="second-loop-c"
          />
          <div
            data-path="ROOT/root/level-1/level-2/loop-container/5/level-3/sub-loop-container/3/level-4"
            id="second-loop-d"
          />
          <div
            data-path="ROOT/root/level-1/level-2/loop-container/5/level-3/sub-loop-container/4/level-4"
            id="second-loop-e"
          />
          <div
            data-path="ROOT/root/level-1/level-2/loop-container/5/level-3/sub-loop-container/5/level-4"
            id="second-loop-f"
          />
          <div
            data-path="ROOT/root/level-1/level-2/loop-container/5/level-3/sub-loop-container/6/level-4"
            id="second-loop-g"
          />
        </div>
        <div
          data-path="ROOT/root/level-1/level-2/loop-container/6/level-3"
          id="first-loop-g"
        >
          <div
            data-path="ROOT/root/level-1/level-2/loop-container/6/level-3/sub-loop-container/0/level-4"
            id="second-loop-a"
          />
          <div
            data-path="ROOT/root/level-1/level-2/loop-container/6/level-3/sub-loop-container/1/level-4"
            id="second-loop-b"
          />
          <div
            data-path="ROOT/root/level-1/level-2/loop-container/6/level-3/sub-loop-container/2/level-4"
            id="second-loop-c"
          />
          <div
            data-path="ROOT/root/level-1/level-2/loop-container/6/level-3/sub-loop-container/3/level-4"
            id="second-loop-d"
          />
          <div
            data-path="ROOT/root/level-1/level-2/loop-container/6/level-3/sub-loop-container/4/level-4"
            id="second-loop-e"
          />
          <div
            data-path="ROOT/root/level-1/level-2/loop-container/6/level-3/sub-loop-container/5/level-4"
            id="second-loop-f"
          />
          <div
            data-path="ROOT/root/level-1/level-2/loop-container/6/level-3/sub-loop-container/6/level-4"
            id="second-loop-g"
          />
        </div>
      </div>
    </div>
  </div>
</div>
`;
