// Jest Snapshot v1, https://goo.gl/fbAQLP

exports[`formingAST 1`] = `
".parent{

  @include someMixin;
  color:red;

      .children{ font-size:20px; }

      .missing-selector{}
}
"
`;
