// Jest Snapshot v1, https://goo.gl/fbAQLP

exports[`selectorsPath 1`] = `
Array [
  ".foo",
  ".foo/.bar",
  ".foo/.baz",
  ".button",
]
`;
