// Jest Snapshot v1, https://goo.gl/fbAQLP

exports[`convert_between_ast_and_scss 1`] = `
Array [
  Object {
    "raws": Object {
      "before": "",
      "inline": true,
      "left": " ",
      "right": "",
      "text": "some unformatted scss",
    },
    "source": Object {
      "end": Object {
        "column": 24,
        "line": 1,
        "offset": 23,
      },
      "inputId": 0,
      "start": Object {
        "column": 1,
        "line": 1,
        "offset": 0,
      },
    },
    "text": "some unformatted scss",
    "type": "comment",
  },
  Object {
    "nodes": Array [
      Object {
        "prop": "color",
        "raws": Object {
          "before": "
  ",
          "between": ": ",
        },
        "source": Object {
          "end": Object {
            "column": 13,
            "line": 3,
            "offset": 46,
          },
          "inputId": 0,
          "start": Object {
            "column": 3,
            "line": 3,
            "offset": 36,
          },
        },
        "type": "decl",
        "value": "red",
      },
      Object {
        "name": "include",
        "params": "someMixin",
        "raws": Object {
          "afterName": " ",
          "before": "

  ",
          "between": "",
        },
        "source": Object {
          "end": Object {
            "column": 21,
            "line": 5,
            "offset": 69,
          },
          "inputId": 0,
          "start": Object {
            "column": 3,
            "line": 5,
            "offset": 51,
          },
        },
        "type": "atrule",
      },
      Object {
        "nodes": Array [
          Object {
            "prop": "font-size",
            "raws": Object {
              "before": " ",
              "between": ": ",
            },
            "source": Object {
              "end": Object {
                "column": 34,
                "line": 7,
                "offset": 105,
              },
              "inputId": 0,
              "start": Object {
                "column": 19,
                "line": 7,
                "offset": 90,
              },
            },
            "type": "decl",
            "value": "20px",
          },
        ],
        "raws": Object {
          "after": " ",
          "before": "

      ",
          "between": " ",
          "semicolon": true,
        },
        "selector": ".children",
        "source": Object {
          "end": Object {
            "column": 36,
            "line": 7,
            "offset": 107,
          },
          "inputId": 0,
          "start": Object {
            "column": 7,
            "line": 7,
            "offset": 78,
          },
        },
        "type": "rule",
      },
    ],
    "raws": Object {
      "after": "
",
      "before": "
",
      "between": "",
      "semicolon": false,
    },
    "selector": ".parent",
    "source": Object {
      "end": Object {
        "column": 1,
        "line": 8,
        "offset": 109,
      },
      "inputId": 0,
      "start": Object {
        "column": 1,
        "line": 2,
        "offset": 25,
      },
    },
    "type": "rule",
  },
]
`;

exports[`convert_between_ast_and_scss 2`] = `
"// some unformatted scss
.parent{
  color: red;

  @include someMixin;

      .children { font-size: 20px; }
}
"
`;
