// Jest Snapshot v1, https://goo.gl/fbAQLP

exports[`tab navs props test 1`] = `
<div>
  <div
    class="ofa-notice ofa-notice__success ofa-notice-in"
    id="1"
  >
    <div
      class="ofa-notice-icon"
    >
      <svg
        class="ofa-svg-icon "
        data-name="close"
        style="width: 18px; height: 18px;"
      >
        <use
          xlink:href="/dist/images/sprite-137db0aa0124f9675ced9fff276d1044.svg#close"
        />
      </svg>
    </div>
    <div
      class="ofa-notice-content"
    >
      Test toast success!
    </div>
    <div
      class="ofa-notice-close-btn"
    >
      <svg
        class="ofa-svg-icon "
        data-name="close"
        style="width: 20px; height: 20px;"
      >
        <use
          xlink:href="/dist/images/sprite-137db0aa0124f9675ced9fff276d1044.svg#close"
        />
      </svg>
    </div>
  </div>
</div>
`;
